                 
 [1;38;2;255;85;85mNo coverage data[0m
                                                                     
 Provided coverage profile is valid, but it doesn't have any entries.
 Try adding tests and generating the report again.                   

                       
 Press any key to exit 
                       