                       
    Available files:   
                       
    [38;2;127;127;127m1 item[0m             
  [38;2;0;255;0m> covered.go  [38;2;127;127;127m100.00%[0m[0m
                       
                       
                       
                       
                       
                       
                       
                       
                       
                       
                       
                       
                       
                       