                          
 [1;38;2;255;85;85mCoverage report not found[0m
                                                                           
 Requested coverage profile is not found.                                  
 By default, "coverage.out" is used. For other names, use "--profile" flag.
                                                               
 [38;2;192;192;192mThe original error was:[0m                                       
 [38;2;192;192;192mopen testdata/general/missing.cover: The system cannot find the file specified.[0m
                       
 Press any key to exit 
                       